// Jest Snapshot v1, https://goo.gl/fbAQLP

exports[`FolderList component renders a .FolderList by default 1`] = `
<div
  className="FolderList"
>
  <ul
    className="FolderList__list"
  />
  <div
    className="Add__buttons"
  >
    <NavLink
      className="Add__folder-button"
      to="/add-folder"
    >
      <FontAwesomeIcon
        border={false}
        className="plus-icon"
        fixedWidth={false}
        flip={null}
        icon={
          Object {
            "icon": Array [
              448,
              512,
              Array [],
              "f067",
              "M416 208H272V64c0-17.67-14.33-32-32-32h-32c-17.67 0-32 14.33-32 32v144H32c-17.67 0-32 14.33-32 32v32c0 17.67 14.33 32 32 32h144v144c0 17.67 14.33 32 32 32h32c17.67 0 32-14.33 32-32V304h144c17.67 0 32-14.33 32-32v-32c0-17.67-14.33-32-32-32z",
            ],
            "iconName": "plus",
            "prefix": "fas",
          }
        }
        inverse={false}
        listItem={false}
        mask={null}
        pull={null}
        pulse={false}
        rotation={null}
        size={null}
        spin={false}
        swapOpacity={false}
        symbol={false}
        title=""
        transform={null}
      />
      Folder
    </NavLink>
    <NavLink
      className="Add__note-button"
      to="/add-note"
    >
      <FontAwesomeIcon
        border={false}
        className="plus-icon"
        fixedWidth={false}
        flip={null}
        icon={
          Object {
            "icon": Array [
              448,
              512,
              Array [],
              "f067",
              "M416 208H272V64c0-17.67-14.33-32-32-32h-32c-17.67 0-32 14.33-32 32v144H32c-17.67 0-32 14.33-32 32v32c0 17.67 14.33 32 32 32h144v144c0 17.67 14.33 32 32 32h32c17.67 0 32-14.33 32-32V304h144c17.67 0 32-14.33 32-32v-32c0-17.67-14.33-32-32-32z",
            ],
            "iconName": "plus",
            "prefix": "fas",
          }
        }
        inverse={false}
        listItem={false}
        mask={null}
        pull={null}
        pulse={false}
        rotation={null}
        size={null}
        spin={false}
        swapOpacity={false}
        symbol={false}
        title=""
        transform={null}
      />
      Note
    </NavLink>
  </div>
</div>
`;

exports[`FolderList component renders a link in ul for each folder in array 1`] = `
<ul
  className="FolderList__list"
/>
`;
