// Jest Snapshot v1, https://goo.gl/fbAQLP

exports[`Add Folder component renders the complete form 1`] = `
<div
  className="AddFolder"
>
  <h2>
    Create a New Folder
  </h2>
  <form
    className="AddFolder__form"
    onSubmit={[Function]}
  >
    <div
      className="form-group"
    >
      <label
        htmlFor="name"
      >
        Name
      </label>
      <input
        aria-describedby="newFolderDescription"
        aria-label="Enter New Folder Name"
        aria-required="true"
        autoComplete="off"
        id="name"
        name="name"
        onChange={[Function]}
        type="text"
      />
      <div
        id="newFolderDescription"
      >
        Enter a new folder name
      </div>
    </div>
    <button
      className="AddFolder__cancel-button"
      onClick={[Function]}
    >
      Cancel
    </button>
    <button
      className="AddFolder__submit-button"
      disabled="Folder name is required"
      type="submit"
    >
      Add Folder
    </button>
  </form>
</div>
`;
